  Determining projects to restore...
  All projects are up-to-date for restore.
  ParkingManagement.Domain -> C:\Users\Dipesh\Desktop\NumberPlateDetectionSystem\ParkingManagementAPI\ParkingManagement.Domain\bin\Debug\net9.0\ParkingManagement.Domain.dll
C:\Users\Dipesh\Desktop\NumberPlateDetectionSystem\ParkingManagementAPI\ParkingManagement.Application\Services\ParkingService.cs(131,17): error CS0103: The name 'freeSlot' does not exist in the current context [C:\Users\Dipesh\Desktop\NumberPlateDetectionSystem\ParkingManagementAPI\ParkingManagement.Application\ParkingManagement.Application.csproj]
C:\Users\Dipesh\Desktop\NumberPlateDetectionSystem\ParkingManagementAPI\ParkingManagement.Application\Services\ParkingService.cs(135,17): error CS0103: The name 'freeSlot' does not exist in the current context [C:\Users\Dipesh\Desktop\NumberPlateDetectionSystem\ParkingManagementAPI\ParkingManagement.Application\ParkingManagement.Application.csproj]
C:\Users\Dipesh\Desktop\NumberPlateDetectionSystem\ParkingManagementAPI\ParkingManagement.Application\Services\ParkingService.cs(137,21): error CS0103: The name 'freeSlot' does not exist in the current context [C:\Users\Dipesh\Desktop\NumberPlateDetectionSystem\ParkingManagementAPI\ParkingManagement.Application\ParkingManagement.Application.csproj]
C:\Users\Dipesh\Desktop\NumberPlateDetectionSystem\ParkingManagementAPI\ParkingManagement.Application\Services\ParkingService.cs(150,34): error CS0103: The name 'freeSlot' does not exist in the current context [C:\Users\Dipesh\Desktop\NumberPlateDetectionSystem\ParkingManagementAPI\ParkingManagement.Application\ParkingManagement.Application.csproj]
C:\Users\Dipesh\Desktop\NumberPlateDetectionSystem\ParkingManagementAPI\ParkingManagement.Application\Services\ParkingService.cs(157,149): error CS0103: The name 'freeSlot' does not exist in the current context [C:\Users\Dipesh\Desktop\NumberPlateDetectionSystem\ParkingManagementAPI\ParkingManagement.Application\ParkingManagement.Application.csproj]
C:\Users\Dipesh\Desktop\NumberPlateDetectionSystem\ParkingManagementAPI\ParkingManagement.Application\Services\ParkingService.cs(163,32): error CS0103: The name 'freeSlot' does not exist in the current context [C:\Users\Dipesh\Desktop\NumberPlateDetectionSystem\ParkingManagementAPI\ParkingManagement.Application\ParkingManagement.Application.csproj]

Build FAILED.

C:\Users\Dipesh\Desktop\NumberPlateDetectionSystem\ParkingManagementAPI\ParkingManagement.Application\Services\ParkingService.cs(131,17): error CS0103: The name 'freeSlot' does not exist in the current context [C:\Users\Dipesh\Desktop\NumberPlateDetectionSystem\ParkingManagementAPI\ParkingManagement.Application\ParkingManagement.Application.csproj]
C:\Users\Dipesh\Desktop\NumberPlateDetectionSystem\ParkingManagementAPI\ParkingManagement.Application\Services\ParkingService.cs(135,17): error CS0103: The name 'freeSlot' does not exist in the current context [C:\Users\Dipesh\Desktop\NumberPlateDetectionSystem\ParkingManagementAPI\ParkingManagement.Application\ParkingManagement.Application.csproj]
C:\Users\Dipesh\Desktop\NumberPlateDetectionSystem\ParkingManagementAPI\ParkingManagement.Application\Services\ParkingService.cs(137,21): error CS0103: The name 'freeSlot' does not exist in the current context [C:\Users\Dipesh\Desktop\NumberPlateDetectionSystem\ParkingManagementAPI\ParkingManagement.Application\ParkingManagement.Application.csproj]
C:\Users\Dipesh\Desktop\NumberPlateDetectionSystem\ParkingManagementAPI\ParkingManagement.Application\Services\ParkingService.cs(150,34): error CS0103: The name 'freeSlot' does not exist in the current context [C:\Users\Dipesh\Desktop\NumberPlateDetectionSystem\ParkingManagementAPI\ParkingManagement.Application\ParkingManagement.Application.csproj]
C:\Users\Dipesh\Desktop\NumberPlateDetectionSystem\ParkingManagementAPI\ParkingManagement.Application\Services\ParkingService.cs(157,149): error CS0103: The name 'freeSlot' does not exist in the current context [C:\Users\Dipesh\Desktop\NumberPlateDetectionSystem\ParkingManagementAPI\ParkingManagement.Application\ParkingManagement.Application.csproj]
C:\Users\Dipesh\Desktop\NumberPlateDetectionSystem\ParkingManagementAPI\ParkingManagement.Application\Services\ParkingService.cs(163,32): error CS0103: The name 'freeSlot' does not exist in the current context [C:\Users\Dipesh\Desktop\NumberPlateDetectionSystem\ParkingManagementAPI\ParkingManagement.Application\ParkingManagement.Application.csproj]
    0 Warning(s)
    6 Error(s)

Time Elapsed 00:00:01.90
